[aymnal.blogspot.com/index40aa.html]
[external.html]
[backblue.gif]
[fade.gif]
[index.html]
[aymnal.blogspot.com/favicon.ico]
[aymnal.blogspot.com/index.html]
[aymnal.blogspot.com/search.html]
[aymnal.blogspot.com/2022/01/blog-post.html]
[aymnal.blogspot.com/2022/01/dxn_80.html]
[aymnal.blogspot.com/2022/01/dxn_20.html]
[aymnal.blogspot.com/2022/01/dxn_32.html]
[aymnal.blogspot.com/2022/01/dxn.html]
[aymnal.blogspot.com/index40aa.html]
[aymnal.blogspot.com/index.html]
[aymnal.blogspot.com/search.html]
[aymnal.blogspot.com/sitemap.xml]
[aymnal.blogspot.com/feeds/4924618926244084667/comments/default]
[aymnal.blogspot.com/2022/01/blog-post.html]
[aymnal.blogspot.com/2022/01/dxn_80.html]
[aymnal.blogspot.com/feeds/2265727971566422950/comments/default]
[aymnal.blogspot.com/2022/01/dxn_20.html]
[aymnal.blogspot.com/feeds/6890404665589122576/comments/default]
[aymnal.blogspot.com/feeds/3789869619464483815/comments/default]
[aymnal.blogspot.com/2022/01/dxn_32.html]
[aymnal.blogspot.com/2022/01/dxn.html]
[www.blogger.com/dyn-css/authorization2074.css]
[aymnal.blogspot.com/feeds/5076432662343064404/comments/default]
[4.bp.blogspot.com/-ci3XMoAMGzg/WiCTxCLLWeI/AAAAAAAAPjI/UkV1sBTKC7EamOC_UmMJ4cQCv4xNNI82QCLcBGAs/s1600/log.jpg]
